{
  "has_more": true,
  "next_cursor": "eyJpZCI6InN1Yl8yIiwic29ydF92YWx1ZSI6IkJvYiJ9",
  "subscriptions": [
    {
      "id": "sub_1",
      "plan_id": "plan_1",
      "customer": "Alice",
      "status": "active",
      "amount": "",
      "interval": ""
    },
    {
      "id": "sub_2",
      "plan_id": "plan_2",
      "customer": "Bob",
      "status": "canceled",
      "amount": "",
      "interval": ""
    }
  ]
}